#-----------------------------------------------------------
# Vivado v2024.1 (64-bit)
# SW Build 5076996 on Wed May 22 18:37:14 MDT 2024
# IP Build 5075265 on Wed May 22 21:45:21 MDT 2024
# SharedData Build 5076995 on Wed May 22 18:29:18 MDT 2024
# Start of session at: Thu Nov  7 10:39:55 2024
# Process ID: 4868
# Current directory: C:/Users/hp/Folder_Tugas_VIVADO/fan_control_kv260/fan_control_kv260.runs/synth_1
# Command line: vivado.exe -log system_wrapper.vds -product Vivado -mode batch -messageDb vivado.pb -notrace -source system_wrapper.tcl
# Log file: C:/Users/hp/Folder_Tugas_VIVADO/fan_control_kv260/fan_control_kv260.runs/synth_1/system_wrapper.vds
# Journal file: C:/Users/hp/Folder_Tugas_VIVADO/fan_control_kv260/fan_control_kv260.runs/synth_1\vivado.jou
# Running On        :LAPTOP-7364E6GV
# Platform          :Windows Server 2016 or Windows 10
# Operating System  :22631
# Processor Detail  :11th Gen Intel(R) Core(TM) i5-1135G7 @ 2.40GHz
# CPU Frequency     :2419 MHz
# CPU Physical cores:4
# CPU Logical cores :8
# Host memory       :8344 MB
# Swap memory       :14383 MB
# Total Virtual     :22728 MB
# Available Virtual :5643 MB
#-----------------------------------------------------------
source system_wrapper.tcl -notrace
